JOB: Unit Tests | STEP: Run unit tests with coverage
JOB: Security & Type Safety | STEP: Run npm audit
JOB: Code Quality | STEP: Type coverage report
JOB: Build & Bundle Check | STEP: Check bundle size

