components/finance/MultiStepCreateInvoice.tsx(1027,41): error TS2352: Conversion of type '{ id: string; invoiceNumber: string; customerId: string; customerName: string; shipmentId: string; awb: string | undefined; status: any; createdAt: string; dueDate: string; paymentMode: "PAID" | "TO_PAY" | "TBB"; financials: any; line_items: { ...; }; consignor: { ...; }; consignee: { ...; }; }' to type 'Invoice' may be a mistake because neither type sufficiently overlaps with the other. If this was intentional, convert the expression to 'unknown' first.
  Types of property 'line_items' are incompatible.
    Type '{ awb: string | undefined; transportMode: "AIR" | "TRUCK"; paymentMode: "PAID" | "TO_PAY" | "TBB"; ratePerKg: number; baseFreight: number; docketCharge: number; pickupCharge: number; ... 9 more ...; consignee: { ...; }; }' is missing the following properties from type '{ awb?: string | undefined; description?: string | undefined; }[]': length, pop, push, concat, and 29 more.
hooks/useAnalytics.ts(76,56): error TS2345: Argument of type '"get_analytics_summary"' is not assignable to parameter of type '"can_access_hub" | "can_access_module" | "generate_awb_number" | "generate_invoice_number" | "get_current_org_id" | "get_user_hub_id" | "get_user_org_id" | "get_user_permissions" | ... 9 more ... | "search_shipments"'.
lib/pdf/invoice-generator.ts(1,23): error TS6133: 'rgb' is declared but its value is never read.
lib/pdf/invoice-generator.ts(2,10): error TS2459: Module '"./pdf-utils"' declares 'C' locally, but it is not exported.
lib/pdf/invoice-generator.ts(2,13): error TS2459: Module '"./pdf-utils"' declares 'ICON_PATHS' locally, but it is not exported.
lib/pdf/invoice-generator.ts(2,13): error TS6133: 'ICON_PATHS' is declared but its value is never read.
lib/pdf/invoice-generator.ts(2,25): error TS2305: Module '"./pdf-utils"' has no exported member 'EnterpriseTheme'.
lib/pdf/invoice-generator.ts(2,25): error TS6133: 'EnterpriseTheme' is declared but its value is never read.
lib/pdf/invoice-generator.ts(2,42): error TS2459: Module '"./pdf-utils"' declares 'generate1DBarcode' locally, but it is not exported.
lib/pdf/invoice-generator.ts(2,42): error TS6133: 'generate1DBarcode' is declared but its value is never read.
lib/pdf/invoice-generator.ts(2,61): error TS2305: Module '"./pdf-utils"' has no exported member 'generate2DBarcode'.
lib/pdf/invoice-generator.ts(2,61): error TS6133: 'generate2DBarcode' is declared but its value is never read.
lib/pdf/invoice-generator.ts(2,80): error TS2459: Module '"./pdf-utils"' declares 'renderTransportIconPng' locally, but it is not exported.
lib/pdf/invoice-generator.ts(2,80): error TS6133: 'renderTransportIconPng' is declared but its value is never read.
lib/pdf/invoice-generator.ts(3,10): error TS6133: 'Shipment' is declared but its value is never read.
lib/pdf/invoice-generator.ts(3,29): error TS6133: 'LabelData' is declared but its value is never read.
lib/pdf/invoice-generator.ts(3,46): error TS2307: Cannot find module '../types' or its corresponding type declarations.
lib/pdf/invoice-generator.ts(4,10): error TS6133: 'COMPANY_INFO' is declared but its value is never read.
lib/pdf/invoice-generator.ts(111,42): error TS2304: Cannot find name 'Color'.
lib/pdf/invoice-generator.ts(164,17): error TS2304: Cannot find name 'pdfDate'.
lib/pdf/invoice-generator.ts(233,5): error TS2304: Cannot find name 'safeCurrency'.
lib/pdf/invoice-generator.ts(234,5): error TS2304: Cannot find name 'safeCurrency'.
lib/pdf/invoice-generator.ts(246,7): error TS2304: Cannot find name 'safeCurrency'.
lib/pdf/invoice-generator.ts(247,7): error TS2304: Cannot find name 'safeCurrency'.
lib/pdf/invoice-generator.ts(257,42): error TS2304: Cannot find name 'safeCurrency'.
lib/pdf/invoice-generator.ts(257,66): error TS2304: Cannot find name 'safeCurrency'.
lib/pdf/invoice-generator.ts(291,28): error TS2304: Cannot find name 'safeCurrency'.
lib/pdf/invoice-generator.ts(294,29): error TS2304: Cannot find name 'safeCurrency'.
lib/pdf/invoice-generator.ts(307,20): error TS2304: Cannot find name 'safeCurrency'.
lib/pdf/label-generator.ts(2,10): error TS2459: Module '"./pdf-utils"' declares 'C' locally, but it is not exported.
lib/pdf/label-generator.ts(2,13): error TS2459: Module '"./pdf-utils"' declares 'ICON_PATHS' locally, but it is not exported.
lib/pdf/label-generator.ts(2,13): error TS6133: 'ICON_PATHS' is declared but its value is never read.
lib/pdf/label-generator.ts(2,25): error TS2305: Module '"./pdf-utils"' has no exported member 'EnterpriseTheme'.
lib/pdf/label-generator.ts(2,25): error TS6133: 'EnterpriseTheme' is declared but its value is never read.
lib/pdf/label-generator.ts(2,42): error TS2459: Module '"./pdf-utils"' declares 'generate1DBarcode' locally, but it is not exported.
lib/pdf/label-generator.ts(2,61): error TS2305: Module '"./pdf-utils"' has no exported member 'generate2DBarcode'.
lib/pdf/label-generator.ts(2,61): error TS6133: 'generate2DBarcode' is declared but its value is never read.
lib/pdf/label-generator.ts(2,80): error TS2459: Module '"./pdf-utils"' declares 'renderTransportIconPng' locally, but it is not exported.
lib/pdf/label-generator.ts(3,20): error TS6133: 'Invoice' is declared but its value is never read.
lib/pdf/label-generator.ts(3,46): error TS2307: Cannot find module '../types' or its corresponding type declarations.
lib/pdf/label-generator.ts(4,1): error TS6192: All imports in import declaration are unused.
lib/pdf/label-generator.ts(7,3): error TS2304: Cannot find name 'logger'.
lib/pdf/label-generator.ts(21,3): error TS2304: Cannot find name 'logger'.
lib/pdf/label-generator.ts(53,3): error TS2304: Cannot find name 'logger'.
lib/pdf/label-generator.ts(164,19): error TS2304: Cannot find name 'HUBS'.
lib/pdf/label-generator.ts(198,21): error TS2304: Cannot find name 'HUBS'.
lib/pdf/label-generator.ts(248,17): error TS2304: Cannot find name 'pdfDate'.
lib/pdf/label-generator.ts(265,17): error TS2304: Cannot find name 'pdfDate'.
lib/pdf/label-generator.ts(382,3): error TS2304: Cannot find name 'logger'.
lib/pdf/label-generator.ts(385,3): error TS2304: Cannot find name 'logger'.
lib/pdf/label-generator.ts(392,3): error TS2304: Cannot find name 'logger'.
lib/pdf/label-generator.ts(863,3): error TS2304: Cannot find name 'logger'.
lib/pdf/pdf-utils.ts(3,10): error TS6133: 'PDFDocument' is declared but its value is never read.
lib/pdf/pdf-utils.ts(3,28): error TS6133: 'StandardFonts' is declared but its value is never read.
lib/pdf/pdf-utils.ts(3,43): error TS6133: 'Color' is declared but its value is never read.
lib/pdf/pdf-utils.ts(5,1): error TS6192: All imports in import declaration are unused.
lib/pdf/pdf-utils.ts(5,29): error TS2300: Duplicate identifier 'LabelData'.
lib/pdf/pdf-utils.ts(5,46): error TS2307: Cannot find module '../types' or its corresponding type declarations.
lib/pdf/pdf-utils.ts(6,1): error TS6192: All imports in import declaration are unused.
lib/pdf/pdf-utils.ts(7,15): error TS2300: Duplicate identifier 'LabelData'.
lib/pdf/pdf-utils.ts(8,1): error TS6133: 'HUBS' is declared but its value is never read.
lib/pdf/pdf-utils.ts(8,22): error TS2307: Cannot find module './constants' or its corresponding type declarations.
lib/pdf/pdf-utils.ts(9,32): error TS2307: Cannot find module './utils' or its corresponding type declarations.
lib/pdf/pdf-utils.ts(10,1): error TS6133: 'logger' is declared but its value is never read.
lib/pdf/pdf-utils.ts(10,24): error TS2307: Cannot find module './logger' or its corresponding type declarations.
lib/pdf/pdf-utils.ts(14,16): error TS6133: 'generate1DBarcode' is declared but its value is never read.
lib/pdf/pdf-utils.ts(34,7): error TS6133: 'safeCurrency' is declared but its value is never read.
lib/pdf/pdf-utils.ts(48,16): error TS6133: 'renderTransportIconPng' is declared but its value is never read.
lib/pdf/pdf-utils.ts(76,7): error TS6133: 'pdfDate' is declared but its value is never read.
lib/pdf/pdf-utils.ts(86,7): error TS6133: 'C' is declared but its value is never read.
lib/services/shipmentService.ts(10,45): error TS2307: Cannot find module '@/lib/sentry' or its corresponding type declarations.
