lib/pdf/invoice-generator.ts(1,23): error TS6133: 'rgb' is declared but its value is never read.
lib/pdf/invoice-generator.ts(2,13): error TS6133: 'ICON_PATHS' is declared but its value is never read.
lib/pdf/invoice-generator.ts(2,25): error TS2305: Module '"./pdf-utils"' has no exported member 'EnterpriseTheme'.
lib/pdf/invoice-generator.ts(2,25): error TS6133: 'EnterpriseTheme' is declared but its value is never read.
lib/pdf/invoice-generator.ts(2,42): error TS6133: 'generate1DBarcode' is declared but its value is never read.
lib/pdf/invoice-generator.ts(2,61): error TS2724: '"./pdf-utils"' has no exported member named 'generate2DBarcode'. Did you mean 'generate1DBarcode'?
lib/pdf/invoice-generator.ts(2,61): error TS6133: 'generate2DBarcode' is declared but its value is never read.
lib/pdf/invoice-generator.ts(2,80): error TS6133: 'renderTransportIconPng' is declared but its value is never read.
lib/pdf/invoice-generator.ts(3,10): error TS6133: 'Shipment' is declared but its value is never read.
lib/pdf/invoice-generator.ts(3,29): error TS6133: 'LabelData' is declared but its value is never read.
lib/pdf/invoice-generator.ts(3,46): error TS2307: Cannot find module '../types' or its corresponding type declarations.
lib/pdf/invoice-generator.ts(4,10): error TS6133: 'COMPANY_INFO' is declared but its value is never read.
lib/pdf/invoice-generator.ts(111,42): error TS2304: Cannot find name 'Color'.
lib/pdf/invoice-generator.ts(164,17): error TS2304: Cannot find name 'pdfDate'.
lib/pdf/invoice-generator.ts(233,5): error TS2304: Cannot find name 'safeCurrency'.
lib/pdf/invoice-generator.ts(234,5): error TS2304: Cannot find name 'safeCurrency'.
lib/pdf/invoice-generator.ts(246,7): error TS2304: Cannot find name 'safeCurrency'.
lib/pdf/invoice-generator.ts(247,7): error TS2304: Cannot find name 'safeCurrency'.
lib/pdf/invoice-generator.ts(257,42): error TS2304: Cannot find name 'safeCurrency'.
lib/pdf/invoice-generator.ts(257,66): error TS2304: Cannot find name 'safeCurrency'.
lib/pdf/invoice-generator.ts(291,28): error TS2304: Cannot find name 'safeCurrency'.
lib/pdf/invoice-generator.ts(294,29): error TS2304: Cannot find name 'safeCurrency'.
lib/pdf/invoice-generator.ts(307,20): error TS2304: Cannot find name 'safeCurrency'.
lib/pdf/label-generator.ts(2,13): error TS6133: 'ICON_PATHS' is declared but its value is never read.
lib/pdf/label-generator.ts(2,25): error TS2305: Module '"./pdf-utils"' has no exported member 'EnterpriseTheme'.
lib/pdf/label-generator.ts(2,25): error TS6133: 'EnterpriseTheme' is declared but its value is never read.
lib/pdf/label-generator.ts(2,61): error TS2724: '"./pdf-utils"' has no exported member named 'generate2DBarcode'. Did you mean 'generate1DBarcode'?
lib/pdf/label-generator.ts(2,61): error TS6133: 'generate2DBarcode' is declared but its value is never read.
lib/pdf/label-generator.ts(3,20): error TS6133: 'Invoice' is declared but its value is never read.
lib/pdf/label-generator.ts(3,46): error TS2307: Cannot find module '../types' or its corresponding type declarations.
lib/pdf/label-generator.ts(4,1): error TS6192: All imports in import declaration are unused.
lib/pdf/label-generator.ts(7,3): error TS2304: Cannot find name 'logger'.
lib/pdf/label-generator.ts(21,3): error TS2304: Cannot find name 'logger'.
lib/pdf/label-generator.ts(53,3): error TS2304: Cannot find name 'logger'.
lib/pdf/label-generator.ts(164,19): error TS2304: Cannot find name 'HUBS'.
lib/pdf/label-generator.ts(198,21): error TS2304: Cannot find name 'HUBS'.
lib/pdf/label-generator.ts(248,17): error TS2304: Cannot find name 'pdfDate'.
lib/pdf/label-generator.ts(265,17): error TS2304: Cannot find name 'pdfDate'.
lib/pdf/label-generator.ts(382,3): error TS2304: Cannot find name 'logger'.
lib/pdf/label-generator.ts(385,3): error TS2304: Cannot find name 'logger'.
lib/pdf/label-generator.ts(392,3): error TS2304: Cannot find name 'logger'.
lib/pdf/label-generator.ts(863,3): error TS2304: Cannot find name 'logger'.
lib/services/shipmentService.ts(10,45): error TS2307: Cannot find module '@/lib/sentry' or its corresponding type declarations.
