components/shipments/CreateShipmentForm.tsx(2,10): error TS6133: 'Controller' is declared but its value is never read.
components/shipments/CreateShipmentForm.tsx(128,28): error TS6133: 'control' is declared but its value is never read.
components/shipments/CreateShipmentForm.tsx(128,62): error TS6133: 'errors' is declared but its value is never read.
